Traceback (most recent call last):
  File "C:\Users\hp\profit-pilot\backend\app\main.py", line 302, in extract_and_analyze_image
    analysis_results = run_ml_analysis(df)
                       ^^^^^^^^^^^^^^^^^^^
  File "C:\Users\hp\profit-pilot\backend\app\main.py", line 169, in run_ml_analysis
    df['transaction_date'] = pd.to_datetime(df['transaction_date'])
                             ^^^^^^^^^^^^^^^^^^^^^^^^^^^^^^^^^^^^^^
  File "C:\Users\hp\AppData\Local\Programs\Python\Python311\Lib\site-packages\pandas\core\tools\datetimes.py", line 1067, in to_datetime
    values = convert_listlike(arg._values, format)
             ^^^^^^^^^^^^^^^^^^^^^^^^^^^^^^^^^^^^^
  File "C:\Users\hp\AppData\Local\Programs\Python\Python311\Lib\site-packages\pandas\core\tools\datetimes.py", line 433, in _convert_listlike_datetimes
    return _array_strptime_with_fallback(arg, name, utc, format, exact, errors)
           ^^^^^^^^^^^^^^^^^^^^^^^^^^^^^^^^^^^^^^^^^^^^^^^^^^^^^^^^^^^^^^^^^^^^
  File "C:\Users\hp\AppData\Local\Programs\Python\Python311\Lib\site-packages\pandas\core\tools\datetimes.py", line 467, in _array_strptime_with_fallback
    result, tz_out = array_strptime(arg, fmt, exact=exact, errors=errors, utc=utc)
                     ^^^^^^^^^^^^^^^^^^^^^^^^^^^^^^^^^^^^^^^^^^^^^^^^^^^^^^^^^^^^^
  File "strptime.pyx", line 501, in pandas._libs.tslibs.strptime.array_strptime
  File "strptime.pyx", line 451, in pandas._libs.tslibs.strptime.array_strptime
  File "strptime.pyx", line 583, in pandas._libs.tslibs.strptime._parse_with_format
ValueError: time data "1968-06-00" doesn't match format "%Y-%m-%d", at position 7. You might want to try:
    - passing `format` if your strings have a consistent format;
    - passing `format='ISO8601'` if your strings are all ISO8601 but not necessarily in exactly the same format;
    - passing `format='mixed'`, and the format will be inferred for each element individually. You might want to use `dayfirst` alongside this.
